start 1791661252 
1 1791661272 tg="89.047485" 
2 1791661292 tg="79.119422" 
3 1791661301 tg="79.082283" 
4 1791661311 tg="84.789925" 
5 1791661320 tg="82.065895" 
6 1791661329 tg="90.538067" 
7 1791661349 tg="83.876357" 
8 1791661359 tg="77.979646" 
9 1791661368 tg="82.133045" 
10 1791661378 tg="80.596739" 
11 1791661387 tg="85.728484" 
12 1791661407 tg="87.069395" 
13 1791661416 tg="83.909269" 
14 1791661425 tg="80.148357" 
15 1791661435 tg="86.719653" 
16 1791661444 tg="78.958136" 
17 1791661464 tg="83.823991" 
18 1791661473 tg="90.616008" 
19 1791661483 tg="77.112769" 
20 1791661492 tg="88.942234" 
21 1791661501 tg="87.844145" 
22 1791661521 tg="79.389526" 
23 1791661531 tg="74.310742" 
24 1791661541 tg="76.061807" 
25 1791661551 tg="73.467078" 
26 1791661561 tg="74.900804" 
end 1791661571 
